---
source: crates/ariadne-mcp/tests/handshake.rs
expression: instructions
---
For any question about symbols, references, impact, or architecture, search for and call these Ariadne tools instead of grep, Read, or file-walking — the graph answers in one call where text search needs many and misses cross-file edges. Ariadne is a read-only semantic graph of the local project (symbols, references, and dependency edges), kept current with the code. Navigate with list_symbols, find_definition, find_references, and file_summary. Scope impact with blast_radius, plan_assist, and diff_blast_radius. Assess architecture health with coupling_report, weak_spots, and refactor_suggestions. Triage risk from Git history with hotspots, complexity, and co_change. Read generated docs with doc_for, doc_for_module, and doc_for_project. Verify index freshness with project_status before trusting results. Call these even when the answer seems known — the graph reflects the current code, and assumptions may be stale.
