---
source: crates/ariadne-mcp/tests/handshake.rs
expression: golden
---
{
  "affected_tests": {
    "$defs": {
      "DiffSpecInput": {
        "description": "Which changeset a `diff_blast_radius` query scopes (tier-15c D4). Mirrors\n`ariadne_core::DiffSpec` behind a `JsonSchema`-deriving input the MCP layer\nowns; the handler maps it to the core type (core stays a wire/domain type\nthat need not derive `schemars`). Defaults to the uncommitted working tree.",
        "oneOf": [
          {
            "const": "working_tree",
            "description": "Uncommitted index + worktree changes against `HEAD` (the default).",
            "type": "string"
          },
          {
            "additionalProperties": false,
            "description": "A single commit against its first parent; the string is a revspec\n(commit-ish) the git adapter resolves.",
            "properties": {
              "commit": {
                "type": "string"
              }
            },
            "required": [
              "commit"
            ],
            "type": "object"
          },
          {
            "additionalProperties": false,
            "description": "The diff between two resolved revisions, `from` (old) → `to` (new); both\nstrings are revspecs the git adapter resolves.",
            "properties": {
              "ref_range": {
                "properties": {
                  "from": {
                    "description": "Old-side revspec.",
                    "type": "string"
                  },
                  "to": {
                    "description": "New-side revspec.",
                    "type": "string"
                  }
                },
                "required": [
                  "from",
                  "to"
                ],
                "type": "object"
              }
            },
            "required": [
              "ref_range"
            ],
            "type": "object"
          }
        ]
      },
      "EdgeKindFilter": {
        "description": "Edge-kind filter exposed to clients. Subset of the in-RAM graph\nalphabet — clients pick which edge classes the analytic walks.",
        "oneOf": [
          {
            "const": "calls",
            "description": "Call edges.",
            "type": "string"
          },
          {
            "const": "imports",
            "description": "Import edges.",
            "type": "string"
          },
          {
            "const": "type_of",
            "description": "Type-of edges.",
            "type": "string"
          },
          {
            "const": "defines",
            "description": "Definition edges.",
            "type": "string"
          },
          {
            "const": "overrides",
            "description": "Override edges.",
            "type": "string"
          },
          {
            "const": "reads",
            "description": "Read edges.",
            "type": "string"
          },
          {
            "const": "writes",
            "description": "Write edges.",
            "type": "string"
          },
          {
            "const": "inherits",
            "description": "Inheritance edges.",
            "type": "string"
          }
        ]
      },
      "Verbosity": {
        "description": "Field verbosity for a growable tool's rows (Block 1, tier-01 D3). Concise\n(the default) omits the cryptic id/offset fields the LLM reasons about\nworse; `detailed` is a lossless superset. Mirrors\n`ariadne_graph::economy::Verbosity` / `ariadne_core::Verbosity`; the server\nmaps between them (as it does for [`Grain`]).",
        "oneOf": [
          {
            "const": "concise",
            "description": "Omit cryptic id/offset fields (the default).",
            "type": "string"
          },
          {
            "const": "detailed",
            "description": "Emit every field — the lossless superset.",
            "type": "string"
          }
        ]
      }
    },
    "$schema": "https://json-schema.org/draft/2020-12/schema",
    "description": "Input to `affected_tests` — mirrors `diff_blast_radius` (the same changeset\n`spec` + reverse-reach `depth`/`kinds`), since A1 reuses the diff→seed→\nreverse-reach machinery (block-a plan.md D1). The `limit`/`cursor`/\n`verbosity` economy controls (Block 1, tier-04) cap `tests` / `seeds` behind\none diff-aware multi-list cursor.",
    "properties": {
      "cursor": {
        "description": "Opaque diff-aware multi-list cursor from a prior page; absent = first\npage. Rejected once the index revision or the changed-paths fingerprint\nchanges under it.",
        "type": [
          "string",
          "null"
        ]
      },
      "depth": {
        "default": null,
        "description": "Reverse-BFS hop limit per changed seed. Defaults to 3.",
        "format": "uint8",
        "maximum": 255,
        "minimum": 0,
        "type": [
          "integer",
          "null"
        ]
      },
      "kinds": {
        "default": null,
        "description": "Edge-kind filter set. Empty / missing = all kinds.",
        "items": {
          "$ref": "#/$defs/EdgeKindFilter"
        },
        "type": [
          "array",
          "null"
        ]
      },
      "limit": {
        "description": "Maximum rows per top-level sublist (tests / seeds); defaults to the\neconomy page size (50).",
        "format": "uint32",
        "minimum": 0,
        "type": [
          "integer",
          "null"
        ]
      },
      "spec": {
        "$ref": "#/$defs/DiffSpecInput",
        "default": "working_tree",
        "description": "Which changeset to scope. Defaults to the uncommitted working tree."
      },
      "verbosity": {
        "$ref": "#/$defs/Verbosity",
        "default": "concise",
        "description": "Field verbosity; defaults to concise (drops the rows' cryptic id/offset\nfields)."
      }
    },
    "title": "AffectedTestsInput",
    "type": "object"
  },
  "api_surface_diff": {
    "$schema": "https://json-schema.org/draft/2020-12/schema",
    "description": "Input to `api_surface_diff` (block A, A2): the two revspecs whose\npublic-surface delta is classified. A2 runs entirely in the querying process\n— git diff + base/head blob reads + parser surface extraction + pure\nclassify — with no daemon leg (D6 / ADR-0027).",
    "properties": {
      "base": {
        "description": "Base (old) revspec the surface is compared *from*.",
        "type": "string"
      },
      "head": {
        "description": "Head (new) revspec the surface is compared *to*.",
        "type": "string"
      }
    },
    "required": [
      "base",
      "head"
    ],
    "title": "ApiSurfaceDiffInput",
    "type": "object"
  },
  "blast_radius": {
    "$defs": {
      "EdgeKindFilter": {
        "description": "Edge-kind filter exposed to clients. Subset of the in-RAM graph\nalphabet — clients pick which edge classes the analytic walks.",
        "oneOf": [
          {
            "const": "calls",
            "description": "Call edges.",
            "type": "string"
          },
          {
            "const": "imports",
            "description": "Import edges.",
            "type": "string"
          },
          {
            "const": "type_of",
            "description": "Type-of edges.",
            "type": "string"
          },
          {
            "const": "defines",
            "description": "Definition edges.",
            "type": "string"
          },
          {
            "const": "overrides",
            "description": "Override edges.",
            "type": "string"
          },
          {
            "const": "reads",
            "description": "Read edges.",
            "type": "string"
          },
          {
            "const": "writes",
            "description": "Write edges.",
            "type": "string"
          },
          {
            "const": "inherits",
            "description": "Inheritance edges.",
            "type": "string"
          }
        ]
      },
      "Verbosity": {
        "description": "Field verbosity for a growable tool's rows (Block 1, tier-01 D3). Concise\n(the default) omits the cryptic id/offset fields the LLM reasons about\nworse; `detailed` is a lossless superset. Mirrors\n`ariadne_graph::economy::Verbosity` / `ariadne_core::Verbosity`; the server\nmaps between them (as it does for [`Grain`]).",
        "oneOf": [
          {
            "const": "concise",
            "description": "Omit cryptic id/offset fields (the default).",
            "type": "string"
          },
          {
            "const": "detailed",
            "description": "Emit every field — the lossless superset.",
            "type": "string"
          }
        ]
      }
    },
    "$schema": "https://json-schema.org/draft/2020-12/schema",
    "description": "Input to `blast_radius`. The `limit`/`cursor`/`verbosity` economy controls\n(Block 1, tier-03) cap `must_touch` / `may_touch` independently behind one\nshared multi-list cursor.",
    "properties": {
      "cursor": {
        "description": "Opaque multi-list pagination cursor from a prior page; absent = first\npage.",
        "type": [
          "string",
          "null"
        ]
      },
      "depth": {
        "default": null,
        "description": "Reverse-BFS hop limit. Defaults to 3.",
        "format": "uint8",
        "maximum": 255,
        "minimum": 0,
        "type": [
          "integer",
          "null"
        ]
      },
      "kinds": {
        "default": null,
        "description": "Edge-kind filter set. Empty / missing = all kinds.",
        "items": {
          "$ref": "#/$defs/EdgeKindFilter"
        },
        "type": [
          "array",
          "null"
        ]
      },
      "limit": {
        "description": "Maximum rows per sublist; defaults to the economy page size (50).",
        "format": "uint32",
        "minimum": 0,
        "type": [
          "integer",
          "null"
        ]
      },
      "symbol": {
        "description": "Target symbol canonical name.",
        "type": "string"
      },
      "verbosity": {
        "$ref": "#/$defs/Verbosity",
        "default": "concise",
        "description": "Field verbosity; defaults to concise (drops the embedded symbols'\ncryptic id/offset fields)."
      }
    },
    "required": [
      "symbol"
    ],
    "title": "BlastRadiusInput",
    "type": "object"
  },
  "co_change": {
    "$defs": {
      "Verbosity": {
        "description": "Field verbosity for a growable tool's rows (Block 1, tier-01 D3). Concise\n(the default) omits the cryptic id/offset fields the LLM reasons about\nworse; `detailed` is a lossless superset. Mirrors\n`ariadne_graph::economy::Verbosity` / `ariadne_core::Verbosity`; the server\nmaps between them (as it does for [`Grain`]).",
        "oneOf": [
          {
            "const": "concise",
            "description": "Omit cryptic id/offset fields (the default).",
            "type": "string"
          },
          {
            "const": "detailed",
            "description": "Emit every field — the lossless superset.",
            "type": "string"
          }
        ]
      }
    },
    "$schema": "https://json-schema.org/draft/2020-12/schema",
    "description": "Input to `co_change`. The three optional thresholds default to code-maat's\npublished values (`min_revs = 5`, `min_shared_commits = 5`,\n`min_degree = 0.30`) when omitted.",
    "properties": {
      "cursor": {
        "description": "Opaque pagination cursor from a prior page; absent = first page.",
        "type": [
          "string",
          "null"
        ]
      },
      "limit": {
        "description": "Maximum edges in the page; defaults to the economy page size (50).",
        "format": "uint32",
        "minimum": 0,
        "type": [
          "integer",
          "null"
        ]
      },
      "min_degree": {
        "default": null,
        "description": "Minimum coupling degree ∈ [0, 1]. Defaults to 0.30.",
        "format": "float",
        "type": [
          "number",
          "null"
        ]
      },
      "min_revs": {
        "default": null,
        "description": "Minimum individual revisions per endpoint. Defaults to 5.",
        "format": "uint32",
        "minimum": 0,
        "type": [
          "integer",
          "null"
        ]
      },
      "min_shared_commits": {
        "default": null,
        "description": "Minimum shared-commit support per pair. Defaults to 5.",
        "format": "uint32",
        "minimum": 0,
        "type": [
          "integer",
          "null"
        ]
      },
      "prefix": {
        "default": null,
        "description": "Optional path-prefix scope: keeps an edge when either endpoint path is\nin scope (project-root-relative). Empty = all files.",
        "type": [
          "string",
          "null"
        ]
      },
      "verbosity": {
        "$ref": "#/$defs/Verbosity",
        "default": "concise",
        "description": "Field verbosity; defaults to concise (a no-op — edges carry no cryptic\nfields, so concise == detailed)."
      }
    },
    "title": "CoChangeInput",
    "type": "object"
  },
  "complexity": {
    "$defs": {
      "Grain": {
        "description": "Grain a `hotspots` / `complexity` query ranks at (tier-15b D2). File grain\nrolls each file's symbols up to one row (complexity summed); symbol grain\nreturns one row per symbol. Defaults to `File`.",
        "oneOf": [
          {
            "const": "file",
            "description": "One row per file, complexity summed over its symbols.",
            "type": "string"
          },
          {
            "const": "symbol",
            "description": "One row per symbol, carrying its own complexity.",
            "type": "string"
          }
        ]
      },
      "Verbosity": {
        "description": "Field verbosity for a growable tool's rows (Block 1, tier-01 D3). Concise\n(the default) omits the cryptic id/offset fields the LLM reasons about\nworse; `detailed` is a lossless superset. Mirrors\n`ariadne_graph::economy::Verbosity` / `ariadne_core::Verbosity`; the server\nmaps between them (as it does for [`Grain`]).",
        "oneOf": [
          {
            "const": "concise",
            "description": "Omit cryptic id/offset fields (the default).",
            "type": "string"
          },
          {
            "const": "detailed",
            "description": "Emit every field — the lossless superset.",
            "type": "string"
          }
        ]
      }
    },
    "$schema": "https://json-schema.org/draft/2020-12/schema",
    "description": "Input to `hotspots` and `complexity` — a path-prefix scope, a grain, and the\neconomy page controls (Block 1, tier-02).",
    "properties": {
      "cursor": {
        "description": "Opaque pagination cursor from a prior page; absent = first page.",
        "type": [
          "string",
          "null"
        ]
      },
      "grain": {
        "$ref": "#/$defs/Grain",
        "default": "file",
        "description": "File (default) or symbol grain."
      },
      "limit": {
        "description": "Maximum rows in the page; defaults to the economy page size (50).",
        "format": "uint32",
        "minimum": 0,
        "type": [
          "integer",
          "null"
        ]
      },
      "prefix": {
        "default": null,
        "description": "Optional path-prefix filter (project-root-relative). Empty = all files.",
        "type": [
          "string",
          "null"
        ]
      },
      "verbosity": {
        "$ref": "#/$defs/Verbosity",
        "default": "concise",
        "description": "Field verbosity; defaults to concise (drops the embedded symbol's\ncryptic id/offset fields on symbol-grain rows)."
      }
    },
    "title": "GrainScopeInput",
    "type": "object"
  },
  "coupling_report": {
    "$defs": {
      "Verbosity": {
        "description": "Field verbosity for a growable tool's rows (Block 1, tier-01 D3). Concise\n(the default) omits the cryptic id/offset fields the LLM reasons about\nworse; `detailed` is a lossless superset. Mirrors\n`ariadne_graph::economy::Verbosity` / `ariadne_core::Verbosity`; the server\nmaps between them (as it does for [`Grain`]).",
        "oneOf": [
          {
            "const": "concise",
            "description": "Omit cryptic id/offset fields (the default).",
            "type": "string"
          },
          {
            "const": "detailed",
            "description": "Emit every field — the lossless superset.",
            "type": "string"
          }
        ]
      }
    },
    "$schema": "https://json-schema.org/draft/2020-12/schema",
    "description": "Input to `coupling_report` — a dedicated type (not the shared\n[`ScopeInput`]) so adding `limit`/`cursor`/`verbosity` here leaves\n`weak_spots`/`doc_for_project`/`refactor_suggestions` (which keep\n[`ScopeInput`]) untouched (Block 1, tier-02).",
    "properties": {
      "cursor": {
        "description": "Opaque pagination cursor from a prior page; absent = first page.",
        "type": [
          "string",
          "null"
        ]
      },
      "limit": {
        "description": "Maximum rows in the page; defaults to the economy page size (50).",
        "format": "uint32",
        "minimum": 0,
        "type": [
          "integer",
          "null"
        ]
      },
      "prefix": {
        "default": null,
        "description": "Optional path-prefix filter (project-root-relative). Empty = all files.",
        "type": [
          "string",
          "null"
        ]
      },
      "verbosity": {
        "$ref": "#/$defs/Verbosity",
        "default": "concise",
        "description": "Field verbosity; defaults to concise (a no-op — metric-only rows carry\nno cryptic fields, so concise == detailed)."
      }
    },
    "title": "CouplingInput",
    "type": "object"
  },
  "diff_blast_radius": {
    "$defs": {
      "DiffSpecInput": {
        "description": "Which changeset a `diff_blast_radius` query scopes (tier-15c D4). Mirrors\n`ariadne_core::DiffSpec` behind a `JsonSchema`-deriving input the MCP layer\nowns; the handler maps it to the core type (core stays a wire/domain type\nthat need not derive `schemars`). Defaults to the uncommitted working tree.",
        "oneOf": [
          {
            "const": "working_tree",
            "description": "Uncommitted index + worktree changes against `HEAD` (the default).",
            "type": "string"
          },
          {
            "additionalProperties": false,
            "description": "A single commit against its first parent; the string is a revspec\n(commit-ish) the git adapter resolves.",
            "properties": {
              "commit": {
                "type": "string"
              }
            },
            "required": [
              "commit"
            ],
            "type": "object"
          },
          {
            "additionalProperties": false,
            "description": "The diff between two resolved revisions, `from` (old) → `to` (new); both\nstrings are revspecs the git adapter resolves.",
            "properties": {
              "ref_range": {
                "properties": {
                  "from": {
                    "description": "Old-side revspec.",
                    "type": "string"
                  },
                  "to": {
                    "description": "New-side revspec.",
                    "type": "string"
                  }
                },
                "required": [
                  "from",
                  "to"
                ],
                "type": "object"
              }
            },
            "required": [
              "ref_range"
            ],
            "type": "object"
          }
        ]
      },
      "EdgeKindFilter": {
        "description": "Edge-kind filter exposed to clients. Subset of the in-RAM graph\nalphabet — clients pick which edge classes the analytic walks.",
        "oneOf": [
          {
            "const": "calls",
            "description": "Call edges.",
            "type": "string"
          },
          {
            "const": "imports",
            "description": "Import edges.",
            "type": "string"
          },
          {
            "const": "type_of",
            "description": "Type-of edges.",
            "type": "string"
          },
          {
            "const": "defines",
            "description": "Definition edges.",
            "type": "string"
          },
          {
            "const": "overrides",
            "description": "Override edges.",
            "type": "string"
          },
          {
            "const": "reads",
            "description": "Read edges.",
            "type": "string"
          },
          {
            "const": "writes",
            "description": "Write edges.",
            "type": "string"
          },
          {
            "const": "inherits",
            "description": "Inheritance edges.",
            "type": "string"
          }
        ]
      },
      "Verbosity": {
        "description": "Field verbosity for a growable tool's rows (Block 1, tier-01 D3). Concise\n(the default) omits the cryptic id/offset fields the LLM reasons about\nworse; `detailed` is a lossless superset. Mirrors\n`ariadne_graph::economy::Verbosity` / `ariadne_core::Verbosity`; the server\nmaps between them (as it does for [`Grain`]).",
        "oneOf": [
          {
            "const": "concise",
            "description": "Omit cryptic id/offset fields (the default).",
            "type": "string"
          },
          {
            "const": "detailed",
            "description": "Emit every field — the lossless superset.",
            "type": "string"
          }
        ]
      }
    },
    "$schema": "https://json-schema.org/draft/2020-12/schema",
    "description": "Input to `diff_blast_radius`. The `limit`/`cursor`/`verbosity` economy\ncontrols (Block 1, tier-04) cap the three top-level lists behind one\ndiff-aware multi-list cursor and bound each seed's inner must/may at `limit`.",
    "properties": {
      "cursor": {
        "description": "Opaque diff-aware multi-list cursor from a prior page; absent = first\npage. Rejected once the index revision or the changed-paths fingerprint\nchanges under it.",
        "type": [
          "string",
          "null"
        ]
      },
      "depth": {
        "default": null,
        "description": "Reverse-BFS hop limit per changed seed. Defaults to 3.",
        "format": "uint8",
        "maximum": 255,
        "minimum": 0,
        "type": [
          "integer",
          "null"
        ]
      },
      "kinds": {
        "default": null,
        "description": "Edge-kind filter set. Empty / missing = all kinds.",
        "items": {
          "$ref": "#/$defs/EdgeKindFilter"
        },
        "type": [
          "array",
          "null"
        ]
      },
      "limit": {
        "description": "Maximum rows per top-level sublist and the fixed per-seed inner cap;\ndefaults to the economy page size (50).",
        "format": "uint32",
        "minimum": 0,
        "type": [
          "integer",
          "null"
        ]
      },
      "spec": {
        "$ref": "#/$defs/DiffSpecInput",
        "default": "working_tree",
        "description": "Which changeset to scope. Defaults to the uncommitted working tree."
      },
      "verbosity": {
        "$ref": "#/$defs/Verbosity",
        "default": "concise",
        "description": "Field verbosity; defaults to concise (drops the embedded symbols' cryptic\nid/offset fields)."
      }
    },
    "title": "DiffBlastInput",
    "type": "object"
  },
  "doc_for": {
    "$schema": "https://json-schema.org/draft/2020-12/schema",
    "description": "Input to `find_definition` / `find_references` / `doc_for`.",
    "properties": {
      "symbol": {
        "description": "Canonical name of the queried symbol.",
        "type": "string"
      }
    },
    "required": [
      "symbol"
    ],
    "title": "SymbolQuery",
    "type": "object"
  },
  "doc_for_module": {
    "$schema": "https://json-schema.org/draft/2020-12/schema",
    "description": "Path-keyed input shared by `file_summary` and `doc_for_module`\n(for `doc_for_module` the file path is the module identity).",
    "properties": {
      "path": {
        "description": "Project-root-relative file path.",
        "type": "string"
      }
    },
    "required": [
      "path"
    ],
    "title": "FileQuery",
    "type": "object"
  },
  "doc_for_project": {
    "$schema": "https://json-schema.org/draft/2020-12/schema",
    "description": "Path-prefix scope for `doc_for_project` (the sole `ScopeInput` consumer\nafter tiers 02–03 moved the other tools to dedicated inputs). Empty = all files.",
    "properties": {
      "prefix": {
        "default": null,
        "description": "Optional path-prefix filter (project-root-relative).",
        "type": [
          "string",
          "null"
        ]
      }
    },
    "title": "ScopeInput",
    "type": "object"
  },
  "file_summary": {
    "$schema": "https://json-schema.org/draft/2020-12/schema",
    "description": "Path-keyed input shared by `file_summary` and `doc_for_module`\n(for `doc_for_module` the file path is the module identity).",
    "properties": {
      "path": {
        "description": "Project-root-relative file path.",
        "type": "string"
      }
    },
    "required": [
      "path"
    ],
    "title": "FileQuery",
    "type": "object"
  },
  "find_definition": {
    "$schema": "https://json-schema.org/draft/2020-12/schema",
    "description": "Input to `find_definition` / `find_references` / `doc_for`.",
    "properties": {
      "symbol": {
        "description": "Canonical name of the queried symbol.",
        "type": "string"
      }
    },
    "required": [
      "symbol"
    ],
    "title": "SymbolQuery",
    "type": "object"
  },
  "find_references": {
    "$defs": {
      "Verbosity": {
        "description": "Field verbosity for a growable tool's rows (Block 1, tier-01 D3). Concise\n(the default) omits the cryptic id/offset fields the LLM reasons about\nworse; `detailed` is a lossless superset. Mirrors\n`ariadne_graph::economy::Verbosity` / `ariadne_core::Verbosity`; the server\nmaps between them (as it does for [`Grain`]).",
        "oneOf": [
          {
            "const": "concise",
            "description": "Omit cryptic id/offset fields (the default).",
            "type": "string"
          },
          {
            "const": "detailed",
            "description": "Emit every field — the lossless superset.",
            "type": "string"
          }
        ]
      }
    },
    "$schema": "https://json-schema.org/draft/2020-12/schema",
    "description": "Input to `find_references` — a dedicated type (not the shared\n[`SymbolQuery`]) so adding `limit`/`cursor`/`verbosity` here leaves\n`find_definition`/`doc_for` untouched (tier-01).",
    "properties": {
      "cursor": {
        "description": "Opaque pagination cursor from a prior page; absent = first page.",
        "type": [
          "string",
          "null"
        ]
      },
      "limit": {
        "description": "Maximum rows in the page; defaults to the economy page size (50).",
        "format": "uint32",
        "minimum": 0,
        "type": [
          "integer",
          "null"
        ]
      },
      "symbol": {
        "description": "Canonical name of the referenced symbol.",
        "type": "string"
      },
      "verbosity": {
        "$ref": "#/$defs/Verbosity",
        "default": "concise",
        "description": "Field verbosity; defaults to concise."
      }
    },
    "required": [
      "symbol"
    ],
    "title": "FindReferencesInput",
    "type": "object"
  },
  "fitness_report": {
    "$schema": "https://json-schema.org/draft/2020-12/schema",
    "description": "Input to `fitness_report` (block A, A3). The tool takes no parameters: it\nreads the repo's `ariadne-fitness.toml` (ADR-0028) and runs the engine over\nthe indexed graph, so callers pass an empty `{}`.",
    "title": "FitnessReportInput",
    "type": "object"
  },
  "hotspots": {
    "$defs": {
      "Grain": {
        "description": "Grain a `hotspots` / `complexity` query ranks at (tier-15b D2). File grain\nrolls each file's symbols up to one row (complexity summed); symbol grain\nreturns one row per symbol. Defaults to `File`.",
        "oneOf": [
          {
            "const": "file",
            "description": "One row per file, complexity summed over its symbols.",
            "type": "string"
          },
          {
            "const": "symbol",
            "description": "One row per symbol, carrying its own complexity.",
            "type": "string"
          }
        ]
      },
      "Verbosity": {
        "description": "Field verbosity for a growable tool's rows (Block 1, tier-01 D3). Concise\n(the default) omits the cryptic id/offset fields the LLM reasons about\nworse; `detailed` is a lossless superset. Mirrors\n`ariadne_graph::economy::Verbosity` / `ariadne_core::Verbosity`; the server\nmaps between them (as it does for [`Grain`]).",
        "oneOf": [
          {
            "const": "concise",
            "description": "Omit cryptic id/offset fields (the default).",
            "type": "string"
          },
          {
            "const": "detailed",
            "description": "Emit every field — the lossless superset.",
            "type": "string"
          }
        ]
      }
    },
    "$schema": "https://json-schema.org/draft/2020-12/schema",
    "description": "Input to `hotspots` and `complexity` — a path-prefix scope, a grain, and the\neconomy page controls (Block 1, tier-02).",
    "properties": {
      "cursor": {
        "description": "Opaque pagination cursor from a prior page; absent = first page.",
        "type": [
          "string",
          "null"
        ]
      },
      "grain": {
        "$ref": "#/$defs/Grain",
        "default": "file",
        "description": "File (default) or symbol grain."
      },
      "limit": {
        "description": "Maximum rows in the page; defaults to the economy page size (50).",
        "format": "uint32",
        "minimum": 0,
        "type": [
          "integer",
          "null"
        ]
      },
      "prefix": {
        "default": null,
        "description": "Optional path-prefix filter (project-root-relative). Empty = all files.",
        "type": [
          "string",
          "null"
        ]
      },
      "verbosity": {
        "$ref": "#/$defs/Verbosity",
        "default": "concise",
        "description": "Field verbosity; defaults to concise (drops the embedded symbol's\ncryptic id/offset fields on symbol-grain rows)."
      }
    },
    "title": "GrainScopeInput",
    "type": "object"
  },
  "list_symbols": {
    "$schema": "https://json-schema.org/draft/2020-12/schema",
    "description": "Input to `list_symbols`.",
    "properties": {
      "kind": {
        "default": null,
        "description": "Optional kind filter.",
        "type": [
          "string",
          "null"
        ]
      },
      "limit": {
        "default": null,
        "description": "Maximum rows returned. Defaults to 64.",
        "format": "uint32",
        "minimum": 0,
        "type": [
          "integer",
          "null"
        ]
      },
      "query": {
        "default": "",
        "description": "Substring filter on canonical name (case-insensitive). Empty = no filter.",
        "type": "string"
      }
    },
    "title": "ListSymbolsInput",
    "type": "object"
  },
  "plan_assist": {
    "$schema": "https://json-schema.org/draft/2020-12/schema",
    "description": "Input to `plan_assist`.",
    "properties": {
      "max_files": {
        "default": null,
        "description": "Maximum file rows. Defaults to 16.",
        "format": "uint32",
        "minimum": 0,
        "type": [
          "integer",
          "null"
        ]
      },
      "symbol": {
        "description": "Target symbol canonical name.",
        "type": "string"
      }
    },
    "required": [
      "symbol"
    ],
    "title": "PlanAssistInput",
    "type": "object"
  },
  "project_status": {
    "properties": {},
    "type": "object"
  },
  "read_outline": {
    "$schema": "https://json-schema.org/draft/2020-12/schema",
    "description": "Input to `read_outline`. Names the file to project into a folded code\nskeleton (signatures + doc comments kept, bodies elided to a marker) plus a\nsymbol index, so a consumer expands only the bodies it needs via\n`read_symbol` [src: context-efficient-read plan.md D1/D2].",
    "properties": {
      "include_private": {
        "default": null,
        "description": "Keep non-public symbols (and their folded bodies). Defaults to `true`;\n`false` drops everything below `Public` from both skeleton and index.",
        "type": [
          "boolean",
          "null"
        ]
      },
      "path": {
        "description": "Project-root-relative path of the file to outline.",
        "type": "string"
      }
    },
    "required": [
      "path"
    ],
    "title": "ReadOutlineInput",
    "type": "object"
  },
  "read_symbol": {
    "$schema": "https://json-schema.org/draft/2020-12/schema",
    "description": "Input to `read_symbol`. Resolves a symbol to its defining span and reads\nthe live file under the catalog root, returning just that slice — `file`\ndisambiguates an overloaded name, `mode` selects how much to return, and\n`context_lines` widens the `context` mode [src: tier-08 D9].",
    "properties": {
      "context_lines": {
        "default": null,
        "description": "Lines of surrounding context for `context` mode. Defaults to 3.",
        "format": "uint32",
        "minimum": 0,
        "type": [
          "integer",
          "null"
        ]
      },
      "file": {
        "default": null,
        "description": "Optional defining-file path (project-root-relative) to pick one of\nseveral symbols sharing `symbol`. Omitted = the first match.",
        "type": [
          "string",
          "null"
        ]
      },
      "mode": {
        "default": null,
        "description": "How much to return: `signature` (the declaration line), `full` (the\nwhole defining span, the default), or `context` (±`context_lines`).",
        "type": [
          "string",
          "null"
        ]
      },
      "symbol": {
        "description": "Canonical name of the symbol to read.",
        "type": "string"
      }
    },
    "required": [
      "symbol"
    ],
    "title": "ReadSymbolInput",
    "type": "object"
  },
  "refactor_suggestions": {
    "$defs": {
      "Verbosity": {
        "description": "Field verbosity for a growable tool's rows (Block 1, tier-01 D3). Concise\n(the default) omits the cryptic id/offset fields the LLM reasons about\nworse; `detailed` is a lossless superset. Mirrors\n`ariadne_graph::economy::Verbosity` / `ariadne_core::Verbosity`; the server\nmaps between them (as it does for [`Grain`]).",
        "oneOf": [
          {
            "const": "concise",
            "description": "Omit cryptic id/offset fields (the default).",
            "type": "string"
          },
          {
            "const": "detailed",
            "description": "Emit every field — the lossless superset.",
            "type": "string"
          }
        ]
      }
    },
    "$schema": "https://json-schema.org/draft/2020-12/schema",
    "description": "Input to `refactor_suggestions` — a dedicated type (not the shared\n[`ScopeInput`]) so adding `limit`/`cursor`/`verbosity` here leaves the other\n`ScopeInput` consumer (`doc_for_project`) untouched (Block 1, tier-03,\nmirroring [`CouplingInput`]).",
    "properties": {
      "cursor": {
        "description": "Opaque multi-list pagination cursor from a prior page; absent = first\npage.",
        "type": [
          "string",
          "null"
        ]
      },
      "limit": {
        "description": "Maximum rows per sublist; defaults to the economy page size (50).",
        "format": "uint32",
        "minimum": 0,
        "type": [
          "integer",
          "null"
        ]
      },
      "prefix": {
        "default": null,
        "description": "Optional path-prefix filter (project-root-relative). Empty = all files.",
        "type": [
          "string",
          "null"
        ]
      },
      "verbosity": {
        "$ref": "#/$defs/Verbosity",
        "default": "concise",
        "description": "Field verbosity; defaults to concise (a no-op — every refactor row is\nname/metric only, so concise == detailed)."
      }
    },
    "title": "RefactorInput",
    "type": "object"
  },
  "search_code": {
    "$schema": "https://json-schema.org/draft/2020-12/schema",
    "description": "Input to `search_code`. Generalises [`ListSymbolsInput`]: the name match\nis a case-insensitive substring by default, or a regular expression when\n`regex` is set, narrowed by optional `path` glob / `kind` / `lang` /\n`visibility` filters [src: tier-07 D8].",
    "properties": {
      "kind": {
        "default": null,
        "description": "Optional exact kind filter (e.g. `function`, `struct`).",
        "type": [
          "string",
          "null"
        ]
      },
      "lang": {
        "default": null,
        "description": "Optional language-tag filter (e.g. `rust`, `typescript`).",
        "type": [
          "string",
          "null"
        ]
      },
      "limit": {
        "default": null,
        "description": "Maximum rows returned. Defaults to 64.",
        "format": "uint32",
        "minimum": 0,
        "type": [
          "integer",
          "null"
        ]
      },
      "path": {
        "default": null,
        "description": "Optional Unix glob the defining file path must match (e.g.\n`src/**/*.rs`).",
        "type": [
          "string",
          "null"
        ]
      },
      "query": {
        "default": "",
        "description": "Name pattern. A case-insensitive substring of the canonical name by\ndefault; a regular expression when `regex` is true. Empty = no name\nfilter.",
        "type": "string"
      },
      "regex": {
        "default": false,
        "description": "Treat `query` as a regular expression instead of a substring.",
        "type": "boolean"
      },
      "visibility": {
        "default": null,
        "description": "Optional visibility filter (`public`, `restricted`, `private`,\n`unknown`).",
        "type": [
          "string",
          "null"
        ]
      }
    },
    "title": "SearchCodeInput",
    "type": "object"
  },
  "weak_spots": {
    "$defs": {
      "Verbosity": {
        "description": "Field verbosity for a growable tool's rows (Block 1, tier-01 D3). Concise\n(the default) omits the cryptic id/offset fields the LLM reasons about\nworse; `detailed` is a lossless superset. Mirrors\n`ariadne_graph::economy::Verbosity` / `ariadne_core::Verbosity`; the server\nmaps between them (as it does for [`Grain`]).",
        "oneOf": [
          {
            "const": "concise",
            "description": "Omit cryptic id/offset fields (the default).",
            "type": "string"
          },
          {
            "const": "detailed",
            "description": "Emit every field — the lossless superset.",
            "type": "string"
          }
        ]
      }
    },
    "$schema": "https://json-schema.org/draft/2020-12/schema",
    "description": "Input to `weak_spots` — a dedicated type (not the shared [`ScopeInput`]) so\nadding `limit`/`cursor`/`verbosity` here leaves the other `ScopeInput`\nconsumer (`doc_for_project`) untouched (Block 1, tier-03, mirroring\n[`CouplingInput`]).",
    "properties": {
      "cursor": {
        "description": "Opaque multi-list pagination cursor from a prior page; absent = first\npage.",
        "type": [
          "string",
          "null"
        ]
      },
      "limit": {
        "description": "Maximum rows per sublist; defaults to the economy page size (50).",
        "format": "uint32",
        "minimum": 0,
        "type": [
          "integer",
          "null"
        ]
      },
      "prefix": {
        "default": null,
        "description": "Optional path-prefix filter (project-root-relative). Empty = all files.",
        "type": [
          "string",
          "null"
        ]
      },
      "verbosity": {
        "$ref": "#/$defs/Verbosity",
        "default": "concise",
        "description": "Field verbosity; defaults to concise (drops the dead-symbol rows' cryptic\nid/offset fields; cycle / god-module rows carry none, so concise ==\ndetailed for them)."
      }
    },
    "title": "WeakSpotsInput",
    "type": "object"
  }
}
