---
source: crates/ariadne-mcp/tests/handshake.rs
expression: instructions
---
Ariadne is a read-only semantic graph of the local project: symbols, references, and dependency edges, kept current with the code. Prefer these tools over grep, Read, or file-walking for any question about symbols, references, impact, or architecture — the graph answers in one call where text search needs many and misses cross-file edges. Workflow: navigate with list_symbols, find_definition, and find_references; assess impact with blast_radius and plan_assist; check architecture health with coupling_report, weak_spots, and refactor_suggestions; read generated docs with doc_for, doc_for_module, and doc_for_project; verify index freshness with project_status. Call these even when the answer seems known — the graph reflects the current code, and assumptions may be stale.
