---
source: crates/ariadne-mcp/tests/handshake.rs
expression: golden
---
{
  "affected_tests": "List the tests a code change reaches: the test symbols transitively reachable from every symbol a diff touches (uncommitted working-tree changes by default, or a commit / ref range). Use when scoping which tests to run for a change before committing or in review; triggers: \"which tests does this change affect\", \"what tests cover my diff\", \"test impact of this commit\".",
  "blast_radius": "Compute the blast radius (must-touch + may-touch) of a symbol. Use when assessing what a change to a symbol could break; triggers: \"what breaks if I change X\", \"impact of changing\", \"is it safe to edit\".",
  "co_change": "List file pairs that change together in Git history (logical coupling) above the configured thresholds. Use when finding hidden dependencies that move together despite no static edge; triggers: \"what changes together with\", \"co-change coupling\", \"which files are logically coupled\".",
  "complexity": "Rank files (Σ) or symbols by McCabe cyclomatic complexity, descending. Use when finding the most complex code to simplify or add tests to; triggers: \"what is the most complex code\", \"cyclomatic complexity of\", \"which functions are hardest to follow\".",
  "coupling_report": "Per-file Ca/Ce/I/A/Distance Martin coupling metrics. Use when assessing module dependency or architecture health; triggers: \"how coupled is\", \"Martin coupling metrics for\".",
  "diff_blast_radius": "Compute the blast radius of a code change: the must-touch ∪ may-touch impact of every symbol a diff touches (uncommitted working-tree changes by default, or a commit / ref range). Use when scoping what your current changes affect before committing or in review; triggers: \"what does my diff affect\", \"blast radius of my changes\", \"impact of this commit\", \"what does this PR touch\".",
  "doc_for": "Doc-like structured summary for one symbol. Use when you need a structured explanation of one symbol; triggers: \"what does X do\", \"explain the symbol X\".",
  "doc_for_module": "Markdown documentation summary for one module (file path). Use when you need a doc-style summary of a file or module; triggers: \"document this module\", \"overview of src/X.rs\".",
  "doc_for_project": "Markdown architecture overview for the whole project. Use when you need a whole-project architecture overview; triggers: \"explain the architecture\", \"how is this project structured\".",
  "file_summary": "Summarize a file: symbols, fan-in/out, top dependencies. Use when orienting in an unfamiliar file before reading it; triggers: \"what is in this file\", \"summarize src/X.rs\".",
  "find_definition": "Find the defining symbol record by canonical name. Use when you need the canonical definition site of a named symbol; triggers: \"where is X defined\", \"go to definition of\".",
  "find_references": "List references to a symbol with source spans. Use when you need every use site of a symbol; triggers: \"who calls X\", \"where is X used\", \"find usages of\".",
  "hotspots": "Rank files or symbols by churn × complexity (the Git change-frequency × McCabe hotspot product). Use when finding the riskiest code to review or refactor first; triggers: \"what are the hotspots\", \"which files change most and are most complex\", \"where is the riskiest code\".",
  "list_symbols": "List symbols matching an optional substring + kind filter. Use when locating a symbol by name or kind before opening files; triggers: \"where is the X function\", \"list the structs in\".",
  "plan_assist": "Ranked plan-assist file list implicated by a symbol change. Use when scoping which files a change touches before editing; triggers: \"what files do I touch for X\", \"where do I start to change\".",
  "project_status": "Project-wide counts, revision, and root. Use when checking index freshness or coverage before trusting results; triggers: \"is the index current\", \"how big is the project\".",
  "read_symbol": "Read a symbol's source straight from disk by name, in `signature`, `full` (default), or `context` (±N lines) mode — without reading the whole file. Returns the file, 1-based line range, byte range, and the index `revision` (with `stale: true` if the file changed since indexing). Use when you need the actual code of a symbol you can name, instead of opening the file with Read; triggers: \"show me the source of X\", \"read the body of X\", \"what does X look like\".",
  "refactor_suggestions": "Static refactor suggestions (god modules, cycle breaks, misplaced symbols). Use when you want concrete static refactor candidates; triggers: \"how should I refactor\", \"cleanup suggestions for\".",
  "search_code": "Search the codebase for symbols by name pattern — case-insensitive substring, or a regular expression when `regex` is true — optionally narrowed by a path glob, kind, language, or visibility. Use when finding symbols whose exact name you do not know, or scoping a name search to a path / kind, instead of grepping; triggers: \"search for functions matching\", \"find symbols named like\", \"grep the codebase for\".",
  "weak_spots": "Cycles, god modules, and dead-code candidates with reasons. Use when hunting cycles, god modules, or dead code; triggers: \"what is wrong with this codebase\", \"find tech debt\", \"any cycles\"."
}
