---
source: crates/ariadne-mcp/tests/tools_diff_blast.rs
expression: golden
---
{
  "may_touch": [],
  "must_touch": [
    {
      "byte_end": 61,
      "byte_start": 32,
      "file": "src/lib.rs",
      "id": 2,
      "kind": "function",
      "name": "crate::caller"
    }
  ],
  "seeds": [
    {
      "depth_used": 1,
      "may_touch": [],
      "must_touch": [
        {
          "byte_end": 61,
          "byte_start": 32,
          "file": "src/lib.rs",
          "id": 2,
          "kind": "function",
          "name": "crate::caller"
        }
      ],
      "symbol": {
        "byte_end": 30,
        "byte_start": 0,
        "file": "src/lib.rs",
        "id": 1,
        "kind": "function",
        "name": "crate::callee"
      }
    }
  ],
  "unresolved": []
}
