---
source: crates/ariadne-mcp/tests/tools_diff_blast.rs
expression: golden
---
{
  "may_touch": [],
  "must_touch": [
    {
      "file": "src/lib.rs",
      "kind": "function",
      "name": "crate::caller"
    }
  ],
  "seeds": [
    {
      "depth_used": 1,
      "may_touch": [],
      "may_touch_total": 0,
      "must_touch": [
        {
          "file": "src/lib.rs",
          "kind": "function",
          "name": "crate::caller"
        }
      ],
      "must_touch_total": 1,
      "symbol": {
        "file": "src/lib.rs",
        "kind": "function",
        "name": "crate::callee"
      }
    }
  ],
  "unresolved": []
}
