---
source: crates/ariadne-graph/tests/docgen_fixture.rs
expression: md
---
# Project Architecture Overview

## Synopsis

4 crate(s) · 3 layer(s) · 8 source symbol(s) · 7 dependency edge(s) · languages: rust.

## Architecture

![architecture](codebase-overview.svg)

| Crate | Layer | Role |
| --- | --- | --- |
| `ariadne-cli` | Interior | Volatile leaf module — depends outward, little depended upon. |
| `ariadne-core` | Domain | Intermediate module — balanced inbound and outbound coupling. |
| `ariadne-salsa` | Domain | Stable foundational module — many dependents, few dependencies. |
| `ariadne-storage` | Adapter | Stable foundational module — many dependents, few dependencies. |

## Boundary violations

- `ariadne-core::core::init` → `ariadne-storage::util::log` — domain → adapter
- `ariadne-core::core::run` → `ariadne-salsa::types::Config` — core → non-core crate

## Cycle clusters

1 dependency cluster(s) detected.

- 3 members (`ariadne-core::core::run`, `ariadne-core::db::query`, `ariadne-core::db::connect`) — suggested cut: `ariadne-core::core::run` → `ariadne-core::db::query`

## Risk hot-spots

_Git history unavailable — risk hot-spots need per-file churn._

## Refactor & change-coupling

**God modules.** None detected.

**Hidden change-coupling.** _Git history unavailable — change-coupling needs co-change data._
