---
source: crates/ariadne-graph/tests/docgen_fixture.rs
expression: md
---
# Module `crates/ariadne-core/src/core.rs`

## Role

`crates/ariadne-core/src/core.rs` — crate `ariadne-core`, Domain layer. Intermediate module — balanced inbound and outbound coupling.

Members: 3 · cohesion 0.17 · abstractness 0.00.

## Neighbourhood

![neighbourhood](crates-ariadne-core-src-core-rs.svg)

## Coupling

Afferent (Ca): 2 · efferent (Ce): 3 · instability (I): 0.60.

| Caller | Kind | Edges |
| --- | --- | --- |
| `api::serve` | function | 1 |
| `db::connect` | function | 1 |

| Callee | Kind | Edges |
| --- | --- | --- |
| `db::query` | function | 1 |
| `util::log` | function | 1 |
| `types::Config` | struct | 1 |

## Cycles

Module participates in 1 dependency cycle(s):

- `core::run` ⇄ `db::query` ⇄ `db::connect`

## Dead code

- `core::init` (function) — no callers, no exports
- `core::shutdown` (function) — no callers, no exports

## Risk

Churn 10 × complexity 0 → risk 0.00 (repo-relative).
