---
source: crates/ariadne-graph/tests/docgen_fixture.rs
expression: md
---
# Project Architecture Overview

## Synopsis

5 crate(s) · 1 layer(s) · 8 source symbol(s) · 7 dependency edge(s) · languages: rust.

## Architecture

![architecture](codebase-overview.svg)

| Crate | Layer | Role |
| --- | --- | --- |
| `api` | Interior | Volatile leaf module — depends outward, little depended upon. |
| `core` | Interior | Intermediate module — balanced inbound and outbound coupling. |
| `db` | Interior | Intermediate module — balanced inbound and outbound coupling. |
| `types` | Interior | Stable foundational module — many dependents, few dependencies. |
| `util` | Interior | Stable foundational module — many dependents, few dependencies. |

## Boundary violations

No symbol-level boundary violations detected.

## Cycle clusters

1 dependency cluster(s) detected.

- 3 members (`core::run`, `db::query`, `db::connect`) — suggested cut: `core::run` → `db::query`

## Risk hot-spots

_Git history unavailable — risk hot-spots need per-file churn._

## Refactor & change-coupling

**God modules.** None detected.

**Hidden change-coupling.** _Git history unavailable — change-coupling needs co-change data._
