---
source: crates/ariadne-parser/tests/facts_kotlin.rs
assertion_line: 10
expression: facts
---
SyntacticFacts {
    decls: [
        Decl {
            kind: Class,
            name: "Counter",
            name_byte_range: (
                59,
                66,
            ),
            def_byte_range: (
                53,
                163,
            ),
            visibility: Unknown,
            attributes: [],
            complexity: 0,
        },
        Decl {
            kind: Function,
            name: "increment",
            name_byte_range: (
                97,
                106,
            ),
            def_byte_range: (
                93,
                161,
            ),
            visibility: Unknown,
            attributes: [],
            complexity: 1,
        },
        Decl {
            kind: Object,
            name: "Singleton",
            name_byte_range: (
                172,
                181,
            ),
            def_byte_range: (
                165,
                255,
            ),
            visibility: Unknown,
            attributes: [],
            complexity: 0,
        },
        Decl {
            kind: Function,
            name: "greet",
            name_byte_range: (
                192,
                197,
            ),
            def_byte_range: (
                188,
                253,
            ),
            visibility: Unknown,
            attributes: [],
            complexity: 1,
        },
        Decl {
            kind: Function,
            name: "distance",
            name_byte_range: (
                261,
                269,
            ),
            def_byte_range: (
                257,
                430,
            ),
            visibility: Unknown,
            attributes: [],
            complexity: 1,
        },
        Decl {
            kind: Class,
            name: "Marker",
            name_byte_range: (
                449,
                455,
            ),
            def_byte_range: (
                432,
                455,
            ),
            visibility: Unknown,
            attributes: [],
            complexity: 0,
        },
        Decl {
            kind: Function,
            name: "annotated",
            name_byte_range: (
                469,
                478,
            ),
            def_byte_range: (
                457,
                489,
            ),
            visibility: Unknown,
            attributes: [
                "Marker",
            ],
            complexity: 1,
        },
    ],
    imports: [
        Import {
            path: "kotlin.math.sqrt",
            byte_range: (
                35,
                51,
            ),
        },
    ],
    calls: [],
    renders: [],
    hooks: [],
}
