---
source: crates/ariadne-parser/tests/facts_java.rs
expression: facts
---
SyntacticFacts {
    decls: [
        Decl {
            kind: Class,
            name: "Sample",
            name_byte_range: (
                94,
                100,
            ),
            def_byte_range: (
                81,
                425,
            ),
            visibility: Public,
            attributes: [],
            complexity: 0,
        },
        Decl {
            kind: Interface,
            name: "Step",
            name_byte_range: (
                124,
                128,
            ),
            def_byte_range: (
                107,
                167,
            ),
            visibility: Public,
            attributes: [],
            complexity: 0,
        },
        Decl {
            kind: Method,
            name: "next",
            name_byte_range: (
                143,
                147,
            ),
            def_byte_range: (
                139,
                161,
            ),
            visibility: Unknown,
            attributes: [],
            complexity: 1,
        },
        Decl {
            kind: Enum,
            name: "Side",
            name_byte_range: (
                185,
                189,
            ),
            def_byte_range: (
                173,
                226,
            ),
            visibility: Public,
            attributes: [],
            complexity: 0,
        },
        Decl {
            kind: Record,
            name: "Point",
            name_byte_range: (
                246,
                251,
            ),
            def_byte_range: (
                232,
                268,
            ),
            visibility: Public,
            attributes: [],
            complexity: 0,
        },
        Decl {
            kind: Method,
            name: "increment",
            name_byte_range: (
                292,
                301,
            ),
            def_byte_range: (
                274,
                423,
            ),
            visibility: Public,
            attributes: [],
            complexity: 1,
        },
        Decl {
            kind: Class,
            name: "Helper",
            name_byte_range: (
                433,
                439,
            ),
            def_byte_range: (
                427,
                564,
            ),
            visibility: Unknown,
            attributes: [],
            complexity: 0,
        },
        Decl {
            kind: Method,
            name: "legacy",
            name_byte_range: (
                474,
                480,
            ),
            def_byte_range: (
                446,
                485,
            ),
            visibility: Public,
            attributes: [
                "Deprecated",
            ],
            complexity: 1,
        },
        Decl {
            kind: Method,
            name: "toString",
            name_byte_range: (
                519,
                527,
            ),
            def_byte_range: (
                491,
                562,
            ),
            visibility: Public,
            attributes: [
                "Override",
            ],
            complexity: 1,
        },
    ],
    imports: [
        Import {
            path: "java.util.ArrayList",
            byte_range: (
                36,
                55,
            ),
        },
        Import {
            path: "java.util.List",
            byte_range: (
                64,
                78,
            ),
        },
    ],
    calls: [
        CallSite {
            callee: "add",
            kind: Method,
            byte_range: (
                376,
                379,
            ),
        },
        CallSite {
            callee: "get",
            kind: Method,
            byte_range: (
                410,
                413,
            ),
        },
    ],
    renders: [],
    hooks: [],
}
