---
source: crates/ariadne-parser/tests/facts_go.rs
assertion_line: 10
expression: facts
---
SyntacticFacts {
    decls: [
        Decl {
            kind: TypeAlias,
            name: "Counter",
            name_byte_range: (
                51,
                58,
            ),
            def_byte_range: (
                46,
                80,
            ),
            visibility: Public,
            attributes: [],
            complexity: 0,
        },
        Decl {
            kind: TypeAlias,
            name: "Direction",
            name_byte_range: (
                87,
                96,
            ),
            def_byte_range: (
                82,
                100,
            ),
            visibility: Public,
            attributes: [],
            complexity: 0,
        },
        Decl {
            kind: Method,
            name: "Increment",
            name_byte_range: (
                120,
                129,
            ),
            def_byte_range: (
                102,
                166,
            ),
            visibility: Public,
            attributes: [],
            complexity: 1,
        },
        Decl {
            kind: Function,
            name: "New",
            name_byte_range: (
                173,
                176,
            ),
            def_byte_range: (
                168,
                231,
            ),
            visibility: Public,
            attributes: [],
            complexity: 1,
        },
        Decl {
            kind: Function,
            name: "describe",
            name_byte_range: (
                238,
                246,
            ),
            def_byte_range: (
                233,
                312,
            ),
            visibility: Private,
            attributes: [],
            complexity: 1,
        },
        Decl {
            kind: Function,
            name: "joinParts",
            name_byte_range: (
                319,
                328,
            ),
            def_byte_range: (
                314,
                388,
            ),
            visibility: Private,
            attributes: [],
            complexity: 1,
        },
    ],
    imports: [
        Import {
            path: "\"fmt\"",
            byte_range: (
                26,
                31,
            ),
        },
        Import {
            path: "\"strings\"",
            byte_range: (
                33,
                42,
            ),
        },
    ],
    calls: [
        CallSite {
            callee: "Sprintf",
            byte_range: (
                280,
                287,
            ),
        },
        CallSite {
            callee: "Join",
            byte_range: (
                370,
                374,
            ),
        },
    ],
    renders: [],
    hooks: [],
}
